[chezberns.com/index.html]
[backblue.gif]
[fade.gif]
[index.html]
[www.google-analytics.com/analytics.js]
[fonts.googleapis.com/index.html]
[chezberns.com/comments/feed/index.html]
[chezberns.com/feed/index.html]
[chezberns.com/linkid.1.delayed]
[chezberns.com/wp-content/plugins/spoon-shortcodes/css/shortcodes8449.css]
[chezberns.com/wp-content/plugins/contact-form-7/includes/css/styles3c21.css]
[chezberns.com/wp-content/plugins/instagram-feed/css/sb-instagram.min3e5a.css]
[maxcdn.bootstrapcdn.com/font-awesome/4.7.0/css/font-awesome.min.css]
[chezberns.com/wp-content/plugins/responsive-lightbox/assets/swipebox/css/swipebox.minc1b4.css]
[chezberns.com/wp-content/plugins/revslider/public/assets/css/settings23da.css]
[chezberns.com/wp-content/themes/spoon/style8e83.css]
[chezberns.com/wp-content/themes/spoon-child/style84e2.css]
[fonts.googleapis.com/cssfe9d.css]
[chezberns.com/wp-content/themes/spoon/fonts/pe-icon-7-stroke/css/helper8449.css]
[chezberns.com/wp-content/themes/spoon-child/style8e83.css]
[chezberns.com/wp-content/themes/spoon/css/prettyphoto8449.css]
[chezberns.com/wp-content/themes/spoon/css/layout-responsive8449.css]
[chezberns.com/wp-content/themes/spoon/css/slicknav8449.css]
[chezberns.com/wp-includes/js/jquery/jqueryb8ff.js]
[chezberns.com/wp-includes/js/jquery/jquery-migrate.min330a.js]
[chezberns.com/wp-content/plugins/google-analytics-for-wordpress/assets/js/frontend.min3af2.js]
[chezberns.com/wp-content/plugins/responsive-lightbox/assets/swipebox/js/jquery.swipebox.minc1b4.js]
[chezberns.com/wp-content/plugins/responsive-lightbox/assets/infinitescroll/infinite-scroll.pkgd.min8e83.js]
[chezberns.com/wp-content/plugins/responsive-lightbox/js/frontc1b4.js]
[chezberns.com/wp-content/plugins/revslider/public/assets/js/jquery.themepunch.tools.min23da.js]
[chezberns.com/wp-content/plugins/revslider/public/assets/js/jquery.themepunch.revolution.min23da.js]
[chezberns.com/xmlrpc0db0.php]
[chezberns.com/wp-includes/wlwmanifest.xml]
[chezberns.com/wp-json/index.html]
[chezberns.com/wp-json/oembed/1.0/embedecea.json]
[chezberns.com/wp-json/oembed/1.0/embede326]
[chezberns.com/wp-content/uploads/2018/10/cropped-logo_2-32x32.png]
[chezberns.com/wp-content/uploads/2018/10/cropped-logo_2-192x192.png]
[chezberns.com/wp-content/uploads/2018/10/cropped-logo_2-180x180.png]
[external.html]
[chezberns.com/wp-content/uploads/2018/10/logo_2.png]
[chezberns.com/equipe/index.html]
[chezberns.com/notre-histoire/index.html]
[fonts.googleapis.com/css6e5a.css]
[chezberns.com/partenaires/index.html]
[chezberns.com/en-coulisse/index.html]
[chezberns.com/wp-content/uploads/2019/01/wedding-2275270.jpg]
[chezberns.com/evenements-pro/index.html]
[chezberns.com/presse/index.html]
[chezberns.com/contact/index.html]
[chezberns.com/wp-content/uploads/2018/10/slider_1_size.png]
[chezberns.com/receptions/index.html]
[chezberns.com/mariages/index.html]
[chezberns.com/wp-content/uploads/2018/11/slider22.jpg]
[chezberns.com/wp-content/uploads/2016/01/PhotoRETOUCH.jpg]
[chezberns.com/notre-univers/]
[chezberns.com/wp-content/themes/spoon/images/ll.png]
[chezberns.com/wp-content/uploads/2016/01/photo-footer.jpg]
[chezberns.com/gallery/mariage/index.html]
[chezberns.com/gallery/evenements-pro/index.html]
[chezberns.com/wp-admin/admin-ajax.2a.delayed]
[chezberns.com/wp-content/plugins/revslider/public/assets/fonts/pe-icon-7-stroke/css/pe-icon-7-stroke.css]
[chezberns.com/wp-content/plugins/spoon-shortcodes/js/shortcodes5152.js]
[chezberns.com/wp-content/plugins/contact-form-7/includes/js/scripts3c21.js]
[chezberns.com/wp-includes/js/jquery/ui/widget.mine899.js]
[chezberns.com/wp-includes/js/jquery/ui/tabs.mine899.js]
[chezberns.com/wp-includes/js/imagesloaded.min55a0.js]
[chezberns.com/wp-content/themes/spoon/js/jquery.isotope41fe.js]
[chezberns.com/wp-content/themes/spoon/js/jquery.waypointsf39e.js]
[chezberns.com/wp-content/themes/spoon/js/jquery.waypoints-stickyf39e.js]
[chezberns.com/wp-content/themes/spoon/js/jquery.neatshow62ea.js]
[chezberns.com/wp-content/themes/spoon/js/jquery.stellar3667.js]
[chezberns.com/wp-content/themes/spoon/js/jquery.parallaxc358.js]
[chezberns.com/wp-content/themes/spoon/js/jquery.prettyphoto005e.js]
[chezberns.com/wp-content/themes/spoon/js/jquery.easing4e44.js]
[chezberns.com/wp-content/themes/spoon/js/jquery.superfishb493.js]
[chezberns.com/wp-content/themes/spoon/js/jquery.lazyload.mined19.js]
[chezberns.com/wp-content/themes/spoon/js/jquery.fittext62ea.js]
[chezberns.com/wp-content/themes/spoon/js/jquery.fitvids5152.js]
[chezberns.com/wp-content/themes/spoon/js/jquery.selectboxac28.js]
[chezberns.com/wp-content/themes/spoon/js/jquery.slicknav.min1c96.js]
[chezberns.com/wp-content/themes/spoon/js/scripts9524.js]
[chezberns.com/wp-includes/js/wp-embed.min8e83.js]
[chezberns.com/index.html]
[maxcdn.bootstrapcdn.com/index.html]
[fonts.googleapis.com/index.html]
[s.w.org/index.html]
[fonts.googleapis.com/cssfe9d.css]
[chezberns.com/indexb7b4.html]
[chezberns.com/wp-json/oembed/1.0/embeda2d3.json]
[chezberns.com/wp-json/oembed/1.0/embed72c2]
[chezberns.com/wp-content/uploads/2018/10/Notre-histoire-1-1200x620.jpg]
[chezberns.com/wp-content/uploads/2018/11/Photo-5.jpg]
[chezberns.com/wp-content/uploads/2018/11/Photo-5b.jpg]
[chezberns.com/wp-content/uploads/2018/11/Photo-6.jpg]
[chezberns.com/notre-histoire/index.html]
[chezberns.com/wp-content/uploads/2018/11/clients.jpg]
[chezberns.com/equipe/feed/index.html]
[chezberns.com/equipe/linkid.4b.delayed]
[chezberns.com/wp-json/oembed/1.0/embed0b1e.json]
[chezberns.com/univers/index.html]
[chezberns.com/index2e31.html]
[chezberns.com/wp-json/oembed/1.0/embedf0bb]
[chezberns.com/wp-includes/js/comment-reply.min8e83.js]
[chezberns.com/equipe/index.html]
[chezberns.com/team/muriel/index.html]
[chezberns.com/team/jean-marie/index.html]
[chezberns.com/team/pierre/index.html]
[chezberns.com/team/mario/index.html]
[chezberns.com/team/et-le-reste-de-lequipe/index.html]
[chezberns.com/team/xavier/index.html]
[chezberns.com/en-coulisse/linkid.4f.delayed]
[chezberns.com/wp-json/oembed/1.0/embed07af.json]
[chezberns.com/indexf3d6.html]
[chezberns.com/wp-json/oembed/1.0/embedf358]
[chezberns.com/wp-content/uploads/2018/11/oeuf.jpg]
[chezberns.com/wp-content/uploads/2018/11/Photo-7.jpg]
[chezberns.com/wp-content/uploads/2018/11/Photo-8.jpg]
[chezberns.com/wp-content/uploads/2018/11/Photo-9.jpg]
[chezberns.com/en-coulisse/index.html]
[chezberns.com/partenaires/linkid.js]
[chezberns.com/wp-json/oembed/1.0/embed26fd.json]
[chezberns.com/wp-content/uploads/2018/11/partenaires-1-300x300.jpg]
[chezberns.com/index4ecd.html]
[chezberns.com/wp-content/uploads/2018/11/partenaires-2-1.jpg]
[chezberns.com/partenaires/index.html]
[chezberns.com/mariages/linkid.js]
[chezberns.com/wp-json/oembed/1.0/embedad77.json]
[chezberns.com/index6f33.html]
[chezberns.com/wp-json/oembed/1.0/embedc43e]
[chezberns.com/wp-content/uploads/2016/03/Photo-2-Header-mariage-1200x620.jpg]
[chezberns.com/wp-content/uploads/2018/11/Photo-Kake-1.jpg]
[chezberns.com/wp-content/uploads/2018/11/photo2.jpg]
[chezberns.com/wp-content/uploads/2018/11/photo3.jpg]
[chezberns.com/SoFe_Menu_1.pdf]
[chezberns.com/SoFe_Menu_2.pdf]
[chezberns.com/wp-content/uploads/2018/11/SoFe-1.jpg]
[chezberns.com/wp-content/uploads/2018/11/SoFe-1-211x300.jpg]
[chezberns.com/wp-content/uploads/2018/11/SoFe-2-300x200.jpg]
[chezberns.com/wp-content/uploads/2018/11/ClaraMax-2.jpg]
[chezberns.com/wp-content/uploads/2018/11/ClaraMax-1-225x300.jpg]
[chezberns.com/wp-content/uploads/2018/11/Photo-12-300x200.jpg]
[chezberns.com/wp-content/uploads/2018/11/Photo-13-300x200.jpg]
[chezberns.com/wp-content/uploads/2018/11/Photo-14-300x133.jpg]
[chezberns.com/wp-content/uploads/2018/11/Photo-15-300x133.jpg]
[chezberns.com/wp-content/uploads/2018/11/Photo-16-1024x310.jpg]
[chezberns.com/wp-content/plugins/responsive-lightbox/css/galleryc1b4.css]
[chezberns.com/wp-content/plugins/responsive-lightbox/assets/slippry/slippry.minc1b4.css]
[chezberns.com/wp-content/plugins/responsive-lightbox/assets/slippry/slippry.minc1b4.js]
[chezberns.com/wp-content/plugins/responsive-lightbox/js/front-basicsliderc1b4.js]
[chezberns.com/mariages/index.html]
[chezberns.com/receptions/linkid.js]
[chezberns.com/wp-json/oembed/1.0/embede469.json]
[chezberns.com/indexd560.html]
[chezberns.com/wp-json/oembed/1.0/embedfaee]
[chezberns.com/wp-content/uploads/2018/10/reception_prive_size.png]
[chezberns.com/wp-content/uploads/2018/11/1-300x200.jpg]
[chezberns.com/wp-content/uploads/2018/11/3-300x200.jpg]
[chezberns.com/wp-content/uploads/2018/10/Event-pro.jpg]
[chezberns.com/wp-content/uploads/2018/10/img_1.png]
[chezberns.com/wp-content/uploads/2018/11/Events-pro-600x400.jpg]
[chezberns.com/wp-content/uploads/2018/11/Receptions-privees-1320x400.jpg]
[chezberns.com/wp-content/uploads/2018/11/eventpriv.jpg]
[chezberns.com/wp-content/uploads/2018/11/Receptions-privees-900x400.jpg]
[chezberns.com/wp-content/uploads/2018/11/Receptions-privees-900x400-2.jpg]
[chezberns.com/receptions/index.html]
[chezberns.com/evenements-pro/linkid.83.delayed]
[chezberns.com/indexebf4.html]
[chezberns.com/wp-content/uploads/2018/11/rally1.jpg]
[chezberns.com/wp-content/uploads/2018/11/rally1-300x200.jpg]
[chezberns.com/wp-content/uploads/2018/10/img2.png]
[chezberns.com/wp-content/uploads/2018/11/Events-pro-1320x400.jpg]
[chezberns.com/wp-content/uploads/2018/11/Events-pro-900x400-2.jpg]
[chezberns.com/wp-content/uploads/2018/11/Events-pro-900x400.jpg]
[chezberns.com/evenements-pro/index.html]
[chezberns.com/presse/linkid.js]
[chezberns.com/wp-json/oembed/1.0/embed8645.json]
[chezberns.com/indexa6ff.html]
[chezberns.com/wp-content/uploads/2018/11/Chez-Berns-sur-La-Provence-Août-2018.jpg]
[chezberns.com/wp-content/uploads/2018/11/Chez-Berns-sur-La-Provence-Août-2018-274x300.jpg]
[chezberns.com/presse/index.html]
[chezberns.com/xmlrpc.95.delayed]
[chezberns.com/contact/linkid.js]
[chezberns.com/wp-json/oembed/1.0/embed24cc.json]
[chezberns.com/contact/feed/index.html]
[chezberns.com/indexef92.html]
[chezberns.com/contact/index.html]
[fonts.googleapis.com/css6e5a.css]
[chezberns.com/notre-univers/ .html]
[chezberns.com/wp-json/oembed/1.0/embed501b]
[chezberns.com/gallery/mariage/linkid.js]
[chezberns.com/wp-json/oembed/1.0/embed4300.json]
[chezberns.com/indexa9fa.html]
[chezberns.com/wp-json/oembed/1.0/embed76a5]
[chezberns.com/wp-content/uploads/2016/06/dummy600600.jpg]
[chezberns.com/wp-content/uploads/2016/06/dummy900600.jpg]
[chezberns.com/wp-content/uploads/2016/06/dummy900900.jpg]
[chezberns.com/gallery/mariage/index.html]
[chezberns.com/gallery/evenements-pro/linkid.js]
[chezberns.com/gallery/receptions/index.html]
[chezberns.com/wp-json/oembed/1.0/embed362b.json]
[chezberns.com/index3b0f.html]
[chezberns.com/wp-content/uploads/2016/06/dummy1200800.jpg]
[chezberns.com/gallery/evenements-pro/index.html]
[chezberns.com/wp-admin/admin-ajax.html]
[chezberns.com/indexb7b4.html]
[chezberns.com/univers/linkid.js]
[chezberns.com/wp-json/oembed/1.0/embed891a.json]
[chezberns.com/index8ba8.html]
[chezberns.com/wp-json/oembed/1.0/embede313]
[chezberns.com/wp-content/uploads/2018/11/1.jpg]
[chezberns.com/wp-content/uploads/2018/11/2.jpg]
[chezberns.com/wp-content/uploads/2018/11/Notre-univers_1-300x200.jpg]
[chezberns.com/wp-content/uploads/2018/11/Notre-univers_2-300x200.jpg]
[chezberns.com/wp-content/uploads/2018/11/Notre-univers_3-300x200.jpg]
[chezberns.com/univers/index.html]
[chezberns.com/index2e31.html]
[chezberns.com/team/xavier/linkid.js]
[chezberns.com/wp-json/oembed/1.0/embed6f01.json]
[chezberns.com/team/xavier/index.html]
[chezberns.com/index6c65.html]
[chezberns.com/team/jean-marie/linkid.js]
[chezberns.com/wp-json/oembed/1.0/embedc10e.json]
[chezberns.com/index71f3.html]
[chezberns.com/team/jean-marie/index.html]
[chezberns.com/wp-json/oembed/1.0/embedbe0e]
[chezberns.com/team/pierre/linkid.js]
[chezberns.com/team/alexandre/index.html]
[chezberns.com/wp-json/oembed/1.0/embedb47e.json]
[chezberns.com/indexa69b.html]
[chezberns.com/team/pierre/index.html]
[chezberns.com/wp-json/oembed/1.0/embed5976]
[chezberns.com/team/mario/linkid.js]
[chezberns.com/wp-json/oembed/1.0/embed6b9e.json]
[chezberns.com/index3c89.html]
[chezberns.com/team/mario/index.html]
[chezberns.com/wp-json/oembed/1.0/embed4918]
[chezberns.com/team/muriel/linkid.js]
[chezberns.com/wp-json/oembed/1.0/embedb424.json]
[chezberns.com/index15df.html]
[chezberns.com/team/muriel/index.html]
[chezberns.com/wp-json/oembed/1.0/embedc282]
[chezberns.com/team/et-le-reste-de-lequipe/linkid.js]
[chezberns.com/team/marie-alexandrine/index.html]
[chezberns.com/wp-json/oembed/1.0/embedc36b.json]
[chezberns.com/index6412.html]
[chezberns.com/team/et-le-reste-de-lequipe/index.html]
[chezberns.com/indexf3d6.html]
[chezberns.com/index4ecd.html]
[chezberns.com/index6f33.html]
[chezberns.com/indexd560.html]
[chezberns.com/indexebf4.html]
[chezberns.com/indexa6ff.html]
[chezberns.com/xmlrpc.php]
[chezberns.com/indexef92.html]
[chezberns.com/indexa9fa.html]
[chezberns.com/wp-json/oembed/1.0/embed7912]
[chezberns.com/wp-json/oembed/1.0/embed2e27]
[chezberns.com/wp-json/oembed/1.0/embed3591]
[chezberns.com/wp-json/oembed/1.0/embedd718]
[chezberns.com/wp-json/oembed/1.0/embed6651]
[chezberns.com/gallery/receptions/linkid.bd.delayed]
[chezberns.com/wp-json/oembed/1.0/embedd3cd.json]
[chezberns.com/gallery/receptions/index.html]
[chezberns.com/index3b0f.html]
[chezberns.com/index8ba8.html]
[chezberns.com/index6c65.html]
[chezberns.com/index71f3.html]
[chezberns.com/wp-json/oembed/1.0/embed2924]
[chezberns.com/indexf87d.html]
[chezberns.com/team/alexandre/linkid.js]
[chezberns.com/wp-json/oembed/1.0/embed8bb0]
[chezberns.com/wp-json/oembed/1.0/embed5ad2]
[chezberns.com/wp-json/oembed/1.0/embed4f11.json]
[chezberns.com/index3003.html]
[chezberns.com/team/alexandre/index.html]
[chezberns.com/indexa69b.html]
[chezberns.com/index3c89.html]
[chezberns.com/index15df.html]
[chezberns.com/wp-json/oembed/1.0/embedd383]
[chezberns.com/team/marie-alexandrine/linkid.js]
[chezberns.com/wp-json/oembed/1.0/embedefc5.json]
[chezberns.com/index61dc.html]
[chezberns.com/team/marie-alexandrine/index.html]
[chezberns.com/index6412.html]
[chezberns.com/indexf87d.html]
[chezberns.com/index3003.html]
[chezberns.com/index61dc.html]
[chezberns.com/wp-json/oembed/1.0/embed1ea4]
[chezberns.com/linkid.html]
[chezberns.com/wp-json/index.html]
[chezberns.com/wp-includes/wlwmanifest.xml]
[chezberns.com/wp-content/plugins/spoon-shortcodes/css/shortcodes8449.css]
[chezberns.com/xmlrpc0db0.php]
[chezberns.com/wp-json/oembed/1.0/embeda2d3.json]
[chezberns.com/wp-json/oembed/1.0/embed72c2]
[chezberns.com/wp-content/uploads/2019/01/wedding-2275270.jpg]
[chezberns.com/wp-content/uploads/2018/10/slider_1_size.png]
[chezberns.com/wp-content/uploads/2016/01/photo-footer.jpg]
[chezberns.com/wp-content/uploads/2018/11/slider22.jpg]
[chezberns.com/wp-content/uploads/2016/01/PhotoRETOUCH.jpg]
[chezberns.com/wp-content/uploads/2018/11/Photo-5.jpg]
[chezberns.com/wp-content/uploads/2018/10/Notre-histoire-1-1200x620.jpg]
[chezberns.com/wp-content/plugins/contact-form-7/images/ajax-loader.gif]
[chezberns.com/wp-content/plugins/contact-form-7/includes/css/styles3c21.css]
[chezberns.com/equipe/feed/index.html]
[chezberns.com/wp-json/oembed/1.0/embedf0bb]
[chezberns.com/wp-json/oembed/1.0/embed07af.json]
[chezberns.com/wp-json/oembed/1.0/embed0b1e.json]
[chezberns.com/wp-content/uploads/2018/11/Photo-5b.jpg]
[chezberns.com/wp-content/uploads/2018/11/Photo-6.jpg]
[chezberns.com/wp-content/uploads/2018/11/clients.jpg]
[chezberns.com/wp-content/uploads/2018/11/oeuf.jpg]
[chezberns.com/wp-content/uploads/2018/11/Photo-8.jpg]
[chezberns.com/wp-content/uploads/2018/11/Photo-7.jpg]
[chezberns.com/wp-content/plugins/instagram-feed/img/small-logo.png]
[chezberns.com/wp-content/plugins/instagram-feed/css/sb-instagram.min3e5a.css]
[chezberns.com/wp-json/oembed/1.0/embed26fd.json]
[chezberns.com/wp-json/oembed/1.0/embedc43e]
[chezberns.com/wp-json/oembed/1.0/embedad77.json]
[chezberns.com/wp-content/uploads/2018/11/Photo-9.jpg]
[chezberns.com/wp-content/uploads/2018/11/partenaires-2-1.jpg]
[chezberns.com/wp-content/uploads/2016/03/Photo-2-Header-mariage-1200x620.jpg]
[chezberns.com/wp-content/uploads/2018/11/Photo-Kake-1.jpg]
[chezberns.com/wp-content/uploads/2018/11/photo2.jpg]
[chezberns.com/wp-content/uploads/2018/11/photo3.jpg]
[chezberns.com/SoFe_Menu_1.pdf]
[maxcdn.bootstrapcdn.com/font-awesome/4.7.0/css/font-awesome.min.css]
[maxcdn.bootstrapcdn.com/font-awesome/4.7.0/fonts/fontawesome-webfont3e6e.svg]
[chezberns.com/wp-json/oembed/1.0/embede469.json]
[chezberns.com/SoFe_Menu_2.pdf]
[chezberns.com/wp-content/uploads/2018/11/SoFe-1.jpg]
[chezberns.com/wp-content/uploads/2018/11/SoFe-1-211x300.jpg]
[chezberns.com/wp-content/uploads/2018/11/SoFe-2-300x200.jpg]
[chezberns.com/wp-content/uploads/2018/11/ClaraMax-2.jpg]
[chezberns.com/wp-content/uploads/2018/10/reception_prive_size.png]
[chezberns.com/wp-content/uploads/2018/11/1-300x200.jpg]
[chezberns.com/wp-json/oembed/1.0/embedfaee]
[chezberns.com/wp-content/plugins/responsive-lightbox/assets/swipebox/img/loader.gif]
[chezberns.com/wp-content/uploads/2018/11/3-300x200.jpg]
[chezberns.com/wp-content/plugins/responsive-lightbox/assets/swipebox/img/icons.png]
[chezberns.com/wp-content/plugins/responsive-lightbox/assets/swipebox/css/swipebox.minc1b4.css]
[chezberns.com/wp-content/uploads/2018/10/Event-pro.jpg]
[chezberns.com/wp-content/uploads/2018/11/Events-pro-600x400.jpg]
[chezberns.com/wp-content/uploads/2018/11/Receptions-privees-1320x400.jpg]
[chezberns.com/wp-content/uploads/2018/10/img_1.png]
[chezberns.com/wp-content/uploads/2018/11/eventpriv.jpg]
[chezberns.com/wp-content/uploads/2018/11/Receptions-privees-900x400.jpg]
[chezberns.com/wp-content/uploads/2018/11/Receptions-privees-900x400-2.jpg]
[chezberns.com/wp-content/uploads/2018/11/rally1.jpg]
[chezberns.com/wp-content/uploads/2018/11/rally1-300x200.jpg]
[chezberns.com/wp-content/uploads/2018/10/img2.png]
[chezberns.com/wp-content/uploads/2018/11/Events-pro-1320x400.jpg]
[chezberns.com/wp-content/uploads/2018/11/Events-pro-900x400-2.jpg]
[chezberns.com/wp-content/plugins/revslider/public/assets/fonts/revicons/revicons90c6.eot]
[chezberns.com/wp-content/uploads/2018/11/Events-pro-900x400.jpg]
[chezberns.com/wp-content/plugins/revslider/public/assets/fonts/revicons/revicons90c6.woff]
[chezberns.com/contact/feed/index.html]
[chezberns.com/wp-json/oembed/1.0/embed8645.json]
[chezberns.com/wp-json/oembed/1.0/embed24cc.json]
[chezberns.com/wp-content/uploads/2018/11/Chez-Berns-sur-La-Provence-Août-2018.jpg]
[chezberns.com/wp-content/uploads/2018/11/Chez-Berns-sur-La-Provence-Août-2018-274x300.jpg]
[chezberns.com/wp-json/oembed/1.0/embed501b]
[chezberns.com/wp-json/oembed/1.0/embed4300.json]
[chezberns.com/wp-content/plugins/revslider/public/assets/fonts/revicons/revicons90c6.ttf]
[chezberns.com/wp-content/uploads/2018/11/1.jpg]
[chezberns.com/wp-json/oembed/1.0/embed76a5]
[chezberns.com/wp-content/plugins/revslider/public/assets/fonts/revicons/revicons90c6.svg]
[chezberns.com/wp-json/oembed/1.0/embed891a.json]
[chezberns.com/wp-json/oembed/1.0/embed362b.json]
[chezberns.com/wp-content/uploads/2018/11/2.jpg]
[chezberns.com/wp-json/oembed/1.0/embede313]
[chezberns.com/wp-json/oembed/1.0/embed6f01.json]
[chezberns.com/wp-json/oembed/1.0/embedc10e.json]
[chezberns.com/wp-json/oembed/1.0/embedbe0e]
[chezberns.com/wp-json/oembed/1.0/embedb47e.json]
[chezberns.com/wp-json/oembed/1.0/embed5976]
[chezberns.com/wp-json/oembed/1.0/embed6b9e.json]
[chezberns.com/wp-json/oembed/1.0/embed4918]
[chezberns.com/wp-json/oembed/1.0/embedb424.json]
[chezberns.com/wp-json/oembed/1.0/embedc282]
[chezberns.com/wp-json/oembed/1.0/embedc36b.json]
[chezberns.com/wp-json/oembed/1.0/embed7912]
[chezberns.com/wp-content/plugins/revslider/public/assets/assets/gridtile.png]
[chezberns.com/wp-content/plugins/revslider/public/assets/assets/gridtile_white.png]
[chezberns.com/wp-json/oembed/1.0/embed3591]
[chezberns.com/wp-json/oembed/1.0/embed2e27]
[chezberns.com/wp-json/oembed/1.0/embedd718]
[chezberns.com/wp-json/oembed/1.0/embed6651]
[chezberns.com/wp-json/oembed/1.0/embedd3cd.json]
[chezberns.com/wp-json/oembed/1.0/embed8bb0]
[chezberns.com/wp-json/oembed/1.0/embed5ad2]
[chezberns.com/wp-json/oembed/1.0/embed2924]
[chezberns.com/wp-content/plugins/revslider/public/assets/assets/gridtile_3x3.png]
[chezberns.com/wp-content/plugins/revslider/public/assets/assets/gridtile_3x3_white.png]
[chezberns.com/wp-json/oembed/1.0/embedd383]
[chezberns.com/wp-json/oembed/1.0/embedefc5.json]
[chezberns.com/wp-json/oembed/1.0/embed4f11.json]
[chezberns.com/wp-content/plugins/revslider/public/assets/assets/coloredbg.png]
[chezberns.com/wp-content/plugins/revslider/public/assets/assets/loader.gif]
[chezberns.com/wp-content/plugins/revslider/public/assets/css/settings23da.css]
[chezberns.com/wp-content/themes/spoon/images/down.png]
[chezberns.com/wp-content/themes/spoon/images/down2.png]
[chezberns.com/wp-content/themes/spoon/images/up.png]
[chezberns.com/wp-content/themes/spoon/images/up2.png]
[chezberns.com/wp-content/themes/spoon/style8e83.css]
[chezberns.com/wp-content/themes/spoon-child/style84e2.css]
[chezberns.com/wp-content/themes/spoon/fonts/pe-icon-7-stroke/css/helper8449.css]
[chezberns.com/wp-content/themes/spoon-child/style8e83.css]
[chezberns.com/wp-content/themes/spoon/fonts/fontawesome/css/font-awesome.min8449.css]
[chezberns.com/wp-content/themes/spoon/images/prettyPhoto/default/default_thumb.e0.delayed]
[chezberns.com/wp-content/themes/spoon/images/prettyPhoto/default/loader.gif]
[chezberns.com/wp-content/themes/spoon/images/prettyPhoto/light_rounded/sprite.png]
[chezberns.com/wp-content/themes/spoon/images/prettyPhoto/light_rounded/btnNext.png]
[chezberns.com/wp-content/themes/spoon/images/prettyPhoto/light_rounded/btnPrevious.png]
[chezberns.com/wp-content/themes/spoon/images/prettyPhoto/dark_rounded/sprite.png]
[chezberns.com/wp-content/themes/spoon/images/prettyPhoto/dark_rounded/contentPattern.png]
[chezberns.com/wp-content/themes/spoon/images/prettyPhoto/dark_rounded/btnNext.png]
[chezberns.com/wp-content/themes/spoon/images/prettyPhoto/dark_rounded/btnPrevious.png]
[chezberns.com/wp-content/themes/spoon/images/prettyPhoto/dark_rounded/loader.gif]
[chezberns.com/wp-content/themes/spoon/images/prettyPhoto/dark_square/loader.gif]
[chezberns.com/wp-content/themes/spoon/images/prettyPhoto/dark_square/sprite.png]
[chezberns.com/wp-content/themes/spoon/images/prettyPhoto/dark_square/btnNext.png]
[chezberns.com/wp-content/themes/spoon/images/prettyPhoto/dark_square/btnPrevious.png]
[chezberns.com/wp-content/themes/spoon/images/prettyPhoto/light_square/sprite.png]
[chezberns.com/wp-content/themes/spoon/images/prettyPhoto/light_square/btnNext.png]
[chezberns.com/wp-content/themes/spoon/images/prettyPhoto/light_square/btnPrevious.png]
[chezberns.com/wp-content/themes/spoon/images/prettyPhoto/facebook/sprite.png]
[chezberns.com/wp-content/themes/spoon/images/prettyPhoto/facebook/contentPatternTop.png]
[chezberns.com/wp-content/themes/spoon/images/prettyPhoto/facebook/contentPatternLeft.png]
[chezberns.com/wp-content/themes/spoon/images/prettyPhoto/facebook/contentPatternRight.png]
[chezberns.com/wp-content/themes/spoon/images/prettyPhoto/facebook/loader.gif]
[chezberns.com/wp-content/themes/spoon/images/prettyPhoto/facebook/btnNext.png]
[chezberns.com/wp-content/themes/spoon/images/prettyPhoto/facebook/btnPrevious.png]
[chezberns.com/wp-content/themes/spoon/images/prettyPhoto/facebook/contentPatternBottom.png]
[chezberns.com/wp-content/themes/spoon/images/prettyPhoto/facebook/default_thumbnail.gif]
[chezberns.com/wp-content/themes/spoon/images/prettyPhoto/light_rounded/loader.gif]
[chezberns.com/wp-content/themes/spoon/images/loader.gif]
[chezberns.com/wp-content/themes/spoon/css/prettyphoto8449.css]
[chezberns.com/wp-content/themes/spoon/css/layout-responsive8449.css]
[chezberns.com/wp-content/themes/spoon/css/slicknav8449.css]
[chezberns.com/notre-histoire/index.html]
[chezberns.com/notre-univers/ .html]
[chezberns.com/wp-admin/admin-ajax.html]
[chezberns.com/wp-content/plugins/revslider/public/assets/fonts/pe-icon-7-stroke/fonts/Pe-icon-7-strokebb1d.eot]
[chezberns.com/notre-univers/index.html]
[chezberns.com/wp-content/plugins/revslider/public/assets/fonts/pe-icon-7-stroke/fonts/Pe-icon-7-stroked41d.eot]
[chezberns.com/wp-content/plugins/revslider/public/assets/fonts/pe-icon-7-stroke/fonts/Pe-icon-7-strokebb1d.woff]
[chezberns.com/wp-content/plugins/revslider/public/assets/fonts/pe-icon-7-stroke/fonts/Pe-icon-7-strokebb1d.ttf]
[chezberns.com/wp-content/plugins/revslider/public/assets/fonts/pe-icon-7-stroke/css/pe-icon-7-stroke.css]
[chezberns.com/wp-content/plugins/instagram-feed/js/sb-instagram.min3e5a.js]
[chezberns.com/wp-content/plugins/revslider/public/assets/fonts/pe-icon-7-stroke/fonts/Pe-icon-7-strokebb1d.svg]
[chezberns.com/notre-histoire/linkid.js]
[chezberns.com/univers/index.html]
[chezberns.com/equipe/linkid.html]
[chezberns.com/team/xavier/index.html]
[chezberns.com/en-coulisse/linkid.html]
[chezberns.com/partenaires/linkid.html]
[chezberns.com/wp-json/oembed/1.0/embed3591]
[chezberns.com/mariages/linkid.html]
[chezberns.com/wp-content/uploads/2018/11/ClaraMax-2-169x300.jpg]
[chezberns.com/wp-content/uploads/2018/11/SoFe-2.jpg]
[chezberns.com/wp-includes/js/jquery/ui/core.mine899.js]
[chezberns.com/wp-content/uploads/2018/11/ClaraMax-1.jpg]
[chezberns.com/wp-content/plugins/responsive-lightbox/font/responsive-lightbox1350.eot]
[chezberns.com/wp-content/uploads/2018/11/Photo-11-300x200.jpg]
[chezberns.com/wp-content/plugins/responsive-lightbox/font/responsive-lightbox1350.woff]
[chezberns.com/wp-content/plugins/responsive-lightbox/font/responsive-lightbox1350.ttf]
[chezberns.com/wp-content/plugins/responsive-lightbox/css/galleryc1b4.css]
[chezberns.com/wp-content/plugins/responsive-lightbox/font/responsive-lightbox1350.svg]
[chezberns.com/wp-content/plugins/responsive-lightbox/assets/slippry/images/sy-loader.gif]
[chezberns.com/wp-content/plugins/responsive-lightbox/assets/slippry/images/arrows.svg]
[chezberns.com/wp-content/plugins/responsive-lightbox/assets/slippry/slippry.minc1b4.css]
[chezberns.com/receptions/linkid.html]
[chezberns.com/evenements-pro/linkid.html]
[chezberns.com/presse/linkid.html]
[chezberns.com/wp-content/uploads/2018/11/relly2.jpg]
[chezberns.com/wp-content/uploads/2016/03/Photo-3-Header-Event-pro-1200x620.jpg]
[chezberns.com/xmlrpc.php]
[chezberns.com/contact/linkid.html]
[chezberns.com/gallery/mariage/linkid.html]
[chezberns.com/gallery/evenements-pro/linkid.html]
[chezberns.com/wp-json/oembed/1.0/embed8bb0]
[chezberns.com/univers/linkid.html]
[chezberns.com/team/xavier/linkid.html]
[chezberns.com/wp-json/oembed/1.0/embed5ad2]
[chezberns.com/team/jean-marie/linkid.html]
[chezberns.com/team/alexandre/index.html]
[chezberns.com/team/pierre/linkid.html]
[chezberns.com/team/mario/linkid.html]
[chezberns.com/team/muriel/linkid.html]
[chezberns.com/team/marie-alexandrine/index.html]
[chezberns.com/team/et-le-reste-de-lequipe/linkid.html]
[chezberns.com/gallery/receptions/linkid.html]
[chezberns.com/team/alexandre/linkid.html]
[chezberns.com/team/marie-alexandrine/linkid.html]
[chezberns.com/wp-json/oembed/1.0/embed1ea4]
[maxcdn.bootstrapcdn.com/font-awesome/4.7.0/fonts/fontawesome-webfont3e6e.svg]
[chezberns.com/wp-content/plugins/revslider/public/assets/fonts/revicons/revicons90c6.svg]
[chezberns.com/wp-content/plugins/revslider/public/assets/css/openhand.html]
[chezberns.com/wp-content/plugins/revslider/public/assets/css/closedhand.html]
[chezberns.com/wp-content/themes/spoon/fonts/fontawesome/fonts/fontawesome-webfont5b62.eot]
[chezberns.com/wp-content/themes/spoon/fonts/fontawesome/fonts/fontawesome-webfontd41d.eot]
[chezberns.com/wp-content/themes/spoon/fonts/fontawesome/fonts/fontawesome-webfont5b62.woff]
[chezberns.com/wp-content/themes/spoon/fonts/fontawesome/fonts/fontawesome-webfont5b62.ttf]
[chezberns.com/wp-content/themes/spoon/fonts/fontawesome/css/font-awesome.min8449.css]
[chezberns.com/wp-content/themes/spoon/fonts/fontawesome/fonts/fontawesome-webfont5b62.svg]
[chezberns.com/wp-content/themes/spoon/images/prettyPhoto/default/default_thumb.html]
[chezberns.com/wp-content/themes/spoon/images/prettyPhoto/default/loader.html]
[chezberns.com/wp-content/themes/spoon/images/prettyPhoto/light_rounded/sprite.html]
[chezberns.com/wp-content/themes/spoon/images/prettyPhoto/light_rounded/btnNext.html]
[chezberns.com/wp-content/themes/spoon/images/prettyPhoto/light_rounded/btnPrevious.html]
[chezberns.com/wp-content/themes/spoon/images/prettyPhoto/dark_rounded/sprite.html]
[chezberns.com/wp-content/themes/spoon/images/prettyPhoto/dark_rounded/contentPattern.html]
[chezberns.com/wp-content/themes/spoon/images/prettyPhoto/dark_rounded/btnNext.html]
[chezberns.com/wp-content/themes/spoon/images/prettyPhoto/dark_rounded/btnPrevious.html]
[chezberns.com/wp-content/themes/spoon/images/prettyPhoto/dark_rounded/loader.html]
[chezberns.com/wp-content/themes/spoon/images/prettyPhoto/dark_square/loader.html]
[chezberns.com/wp-content/themes/spoon/images/prettyPhoto/dark_square/sprite.html]
[chezberns.com/wp-content/themes/spoon/images/prettyPhoto/dark_square/btnNext.html]
[chezberns.com/wp-content/themes/spoon/images/prettyPhoto/dark_square/btnPrevious.html]
[chezberns.com/wp-content/themes/spoon/images/prettyPhoto/light_square/sprite.html]
[chezberns.com/wp-content/themes/spoon/images/prettyPhoto/light_square/btnNext.html]
[chezberns.com/wp-content/themes/spoon/images/prettyPhoto/light_square/btnPrevious.html]
[chezberns.com/wp-content/themes/spoon/images/prettyPhoto/facebook/sprite.html]
[chezberns.com/wp-content/themes/spoon/images/prettyPhoto/facebook/contentPatternTop.html]
[chezberns.com/wp-content/themes/spoon/images/prettyPhoto/facebook/contentPatternLeft.html]
[chezberns.com/wp-content/themes/spoon/images/prettyPhoto/facebook/contentPatternRight.html]
[chezberns.com/wp-content/themes/spoon/images/prettyPhoto/facebook/loader.html]
[chezberns.com/wp-content/themes/spoon/images/prettyPhoto/facebook/btnNext.html]
[chezberns.com/wp-content/themes/spoon/images/prettyPhoto/facebook/btnPrevious.html]
[chezberns.com/wp-content/themes/spoon/images/prettyPhoto/facebook/contentPatternBottom.html]
[chezberns.com/wp-content/themes/spoon/images/prettyPhoto/facebook/default_thumbnail.html]
[chezberns.com/wp-content/themes/spoon/images/prettyPhoto/light_rounded/loader.html]
[chezberns.com/notre-univers/index.html]
[chezberns.com/wp-content/themes/spoon/images/prettyPhoto/default/sprite_y.png]
[chezberns.com/wp-content/plugins/revslider/public/assets/fonts/pe-icon-7-stroke/fonts/Pe-icon-7-strokebb1d.svg]
[chezberns.com/notre-histoire/linkid.js]
[chezberns.com/wp-content/plugins/responsive-lightbox/font/responsive-lightbox1350.html]
[chezberns.com/wp-content/plugins/responsive-lightbox/font/responsive-lightbox1350.svg]
[chezberns.com/wp-content/plugins/responsive-lightbox/assets/slippry/images/arrows.svg]
[chezberns.com/wp-content/themes/spoon/images/prettyPhoto/default/sprite_x.png]
[chezberns.com/wp-content/uploads/2018/11/relly2-300x200.jpg]
[chezberns.com/wp-content/themes/spoon/images/prettyPhoto/default/sprite_next.png]
[chezberns.com/wp-content/themes/spoon/images/prettyPhoto/default/sprite_prev.png]
[chezberns.com/notre-univers-2/index.html]
[chezberns.com/wp-content/uploads/2018/11/eventpro.jpg]
[chezberns.com/wp-content/themes/spoon/images/prettyPhoto/default/sprite.png]
[chezberns.com/wp-content/themes/spoon/fonts/fontawesome/fonts/fontawesome-webfont5b62.html]
[chezberns.com/wp-content/themes/spoon/fonts/fontawesome/fonts/fontawesome-webfont5b62.svg]
[chezberns.com/wp-json/oembed/1.0/embed6651]
[chezberns.com/wp-content/themes/spoon/fonts/fontawesome/fonts/fontawesome-webfont5b62.ttf]
[chezberns.com/wp-content/themes/spoon/fonts/pe-icon-7-stroke/css/pe-icon-7-stroke8449.css]
[chezberns.com/wp-content/themes/spoon/fonts/pe-icon-7-stroke/fonts/Pe-icon-7-strokebb1d.eot]
[chezberns.com/wp-content/themes/spoon/fonts/pe-icon-7-stroke/fonts/Pe-icon-7-strokebb1d.eot]
[chezberns.com/wp-content/themes/spoon/fonts/pe-icon-7-stroke/fonts/Pe-icon-7-strokebb1d.woff]
[chezberns.com/wp-content/themes/spoon/fonts/pe-icon-7-stroke/css/pe-icon-7-stroke8449.css]
[chezberns.com/wp-content/themes/spoon/images/prettyPhoto/default/sprite.png]
[chezberns.com/wp-content/themes/spoon/images/prettyPhoto/default/sprite_x.png]
[chezberns.com/wp-content/themes/spoon/images/prettyPhoto/default/sprite_y.png]
[chezberns.com/wp-content/themes/spoon/images/prettyPhoto/default/sprite_next.png]
[chezberns.com/wp-content/themes/spoon/images/prettyPhoto/default/sprite_prev.png]
[chezberns.com/wp-content/themes/spoon/fonts/pe-icon-7-stroke/fonts/Pe-icon-7-strokebb1d.svg]
[chezberns.com/wp-json/oembed/1.0/embedb039.json]
[chezberns.com/wp-content/uploads/2018/10/Notre-histoire-1-300x200.jpg]
[chezberns.com/wp-content/uploads/2018/10/img_2-300x200.png]
[chezberns.com/wp-content/uploads/2018/10/img_1-300x200.png]
[chezberns.com/notre-univers-2/index.html]
[chezberns.com/wp-content/themes/spoon/fonts/pe-icon-7-stroke/fonts/Pe-icon-7-strokebb1d.svg]
[chezberns.com/wp-content/themes/spoon/fonts/pe-icon-7-stroke/fonts/Pe-icon-7-stroked41d.eot]
[chezberns.com/wp-content/themes/spoon/fonts/pe-icon-7-stroke/fonts/Pe-icon-7-strokebb1d.ttf]
[chezberns.com/index3804.html]
[chezberns.com/wp-json/oembed/1.0/embed599d]
[chezberns.com/notre-univers-2/linkid.js]
[chezberns.com/notre-univers-2/linkid.js]
[chezberns.com/index3804.html]
